foo: [ A, B ]
bar: [ [ A, B ], C ]
result: [ [ [ A, B ], C ], D ]
